-- Test Setup: Issue5023
-- SQL: SELECT * FROM swap;
-- Results After Sorting
+------------+-----------+-----------+--------------+-----------+----------+----+-------+-----+----------------------+
| field_bool | field_f64 | field_i64 | field_string | field_u64 | host     | in | name  | out | time                 |
+------------+-----------+-----------+--------------+-----------+----------+----+-------+-----+----------------------+
|            |           |           |              |           | server01 | 3  | disk1 | 4   | 2020-06-11T16:54:20Z |
|            |           |           |              |           | server01 | 3  |       | 4   | 2020-06-11T16:54:10Z |
+------------+-----------+-----------+--------------+-----------+----------+----+-------+-----+----------------------+
